// Jest Snapshot v1, https://goo.gl/fbAQLP

exports[`SideMenu renders correctly 1`] = `
<div
  className="MuiDrawer-docked-2 sc-bdVaJa psuTu"
>
  <div
    className="MuiPaper-root-13 MuiPaper-elevation0-15 MuiDrawer-paper-3 SideMenu-drawerPaper-1 MuiDrawer-paperAnchorLeft-4 MuiDrawer-paperAnchorDockedLeft-8"
  >
    <header
      className="MuiPaper-root-13 MuiPaper-elevation4-19 MuiAppBar-root-40 MuiAppBar-positionStatic-44 MuiAppBar-colorPrimary-47"
    >
      <div
        className="MuiToolbar-root-49 MuiToolbar-regular-51 MuiToolbar-gutters-50"
      />
    </header>
    <ul
      className="MuiList-root-53 MuiList-padding-54 MuiList-subheader-56"
    >
      <li
        className="MuiListSubheader-root-57 MuiListSubheader-sticky-62 MuiListSubheader-gutters-60"
      >
        Management
      </li>
      <li
        application={
          Object {
            "color": "#03a9f4",
            "icon": "security",
            "id": "DIRECTORY",
            "isCurrent": true,
            "name": "Directory",
            "relativePath": "/directory",
          }
        }
        className="MuiListItem-root-63 MuiListItem-default-66 MuiListItem-gutters-70"
        disabled={false}
        link={
          Object {
            "icon": "people",
            "isCurrent": true,
            "isDefault": true,
            "name": "Users",
            "relativePath": "/users",
          }
        }
      >
        <div
          className="MuiListItemIcon-root-74"
        >
          <span
            aria-hidden="true"
            className="material-icons MuiIcon-root-75"
          >
            people
          </span>
        </div>
        <div
          className="MuiListItemText-root-84"
          to="/directory/users"
        >
          <span
            className="MuiTypography-root-90 MuiTypography-subheading-97 MuiListItemText-primary-87"
          >
            Users
          </span>
        </div>
      </li>
      <li
        application={
          Object {
            "color": "#03a9f4",
            "icon": "security",
            "id": "DIRECTORY",
            "isCurrent": true,
            "name": "Directory",
            "relativePath": "/directory",
          }
        }
        className="MuiListItem-root-63 MuiListItem-default-66 MuiListItem-gutters-70"
        disabled={false}
        link={
          Object {
            "icon": "business",
            "isCurrent": false,
            "isDefault": false,
            "name": "Organisations",
            "relativePath": "/organisations",
          }
        }
      >
        <div
          className="MuiListItemIcon-root-74"
        >
          <span
            aria-hidden="true"
            className="material-icons MuiIcon-root-75"
          >
            business
          </span>
        </div>
        <div
          className="MuiListItemText-root-84"
          to="/directory/organisations"
        >
          <span
            className="MuiTypography-root-90 MuiTypography-subheading-97 MuiListItemText-primary-87"
          >
            Organisations
          </span>
        </div>
      </li>
    </ul>
  </div>
</div>
`;
