// Jest Snapshot v1, https://goo.gl/fbAQLP

exports[`Navigator renders correctly 1`] = `
<nav
  appColor="#3949ab"
  className="sc-bwzfXH dpBUHf navbar navbar-expand-md navbar-dark bg-primary sticky-top"
>
  <a
    className="sc-htpNat doUmXR navbar-brand"
    href="/"
  >
    <span
      className="font-weight-bold"
    >
      ONE
    </span>
    <span
      className="font-weight-light"
    >
      ADVISOR
    </span>
  </a>
  <ul
    className="mr-auto navbar-nav"
  >
    <li
      appColor="#3949ab"
      className="sc-bdVaJa ehMXNt nav-item"
      isCurrent={true}
    >
      <span
        aria-hidden="true"
        className="material-icons MuiIcon-root-1 float-left mt-2 text-light"
      >
        security
      </span>
      <a
        className="float-left nav-link active"
        href="/directory"
        onClick={[Function]}
      >
        <span
          className="font-weight-light text-uppercase"
        >
          Directory
        </span>
      </a>
    </li>
    <li
      appColor="#00897b"
      className="sc-bdVaJa qoHoz nav-item"
      isCurrent={false}
    >
      <span
        aria-hidden="true"
        className="material-icons MuiIcon-root-1 float-left mt-2 text-light"
      >
        account_circle
      </span>
      <a
        className="float-left nav-link active"
        href="/member"
        onClick={[Function]}
      >
        <span
          className="font-weight-light text-uppercase"
        >
          Member
        </span>
      </a>
    </li>
  </ul>
  <ul
    className="ml-auto navbar-nav"
  >
    <li
      className="sc-bdVaJa qoHoz nav-item"
    >
      <a
        className="nav-link"
        href="#"
        onClick={[Function]}
      >
        Signout
      </a>
    </li>
  </ul>
</nav>
`;
