// Jest Snapshot v1, https://goo.gl/fbAQLP

exports[`SideMenu renders correctly 1`] = `
<div
  className="sc-bdVaJa eixjvS"
>
  <ul
    className="flex-column nav"
  >
    <li
      className="nav-item"
    >
      <a
        className="nav-link active"
        href="/directory/users"
        onClick={[Function]}
      >
        Users
      </a>
    </li>
    <li
      className="nav-item"
    >
      <a
        className="nav-link active"
        href="/directory/users"
        onClick={[Function]}
      >
        Organisations
      </a>
    </li>
  </ul>
</div>
`;
